{"level":"warn","message":"CORS blocked request from origin: http://localhost:3000","service":"heedy-backend","timestamp":"2026-07-16 12:21:55"}
{"level":"warn","message":"CORS blocked request from origin: http://localhost:3000","service":"heedy-backend","timestamp":"2026-07-16 12:21:55"}
{"level":"warn","message":"CORS blocked request from origin: http://localhost:3000","service":"heedy-backend","timestamp":"2026-07-16 12:21:55"}
{"level":"warn","message":"CORS blocked request from origin: http://localhost:3000","service":"heedy-backend","timestamp":"2026-07-16 12:21:55"}
{"level":"warn","message":"CORS blocked request from origin: http://localhost:3000","service":"heedy-backend","timestamp":"2026-07-16 12:21:55"}
{"level":"warn","message":"CORS blocked request from origin: http://localhost:3000","service":"heedy-backend","timestamp":"2026-07-16 12:21:55"}
{"level":"warn","message":"CORS blocked request from origin: http://localhost:3000","service":"heedy-backend","timestamp":"2026-07-16 12:21:55"}
{"level":"warn","message":"CORS blocked request from origin: http://localhost:3000","service":"heedy-backend","timestamp":"2026-07-16 12:22:00"}
{"level":"warn","message":"CORS blocked request from origin: http://localhost:3000","service":"heedy-backend","timestamp":"2026-07-16 12:22:00"}
{"level":"warn","message":"CORS blocked request from origin: http://localhost:3000","service":"heedy-backend","timestamp":"2026-07-16 12:22:00"}
{"level":"warn","message":"CORS blocked request from origin: http://localhost:3000","service":"heedy-backend","timestamp":"2026-07-16 12:22:00"}
{"level":"warn","message":"CORS blocked request from origin: http://localhost:3000","service":"heedy-backend","timestamp":"2026-07-16 12:22:00"}
{"level":"warn","message":"CORS blocked request from origin: http://localhost:3000","service":"heedy-backend","timestamp":"2026-07-16 12:22:00"}
{"level":"warn","message":"CORS blocked request from origin: http://localhost:3000","service":"heedy-backend","timestamp":"2026-07-16 12:22:00"}
{"level":"warn","message":"CORS blocked request from origin: http://localhost:3000","service":"heedy-backend","timestamp":"2026-07-16 12:23:00"}
{"level":"warn","message":"CORS blocked request from origin: http://localhost:3000","service":"heedy-backend","timestamp":"2026-07-16 12:23:00"}
{"level":"warn","message":"CORS blocked request from origin: http://localhost:3000","service":"heedy-backend","timestamp":"2026-07-16 12:23:00"}
{"level":"warn","message":"CORS blocked request from origin: http://localhost:3000","service":"heedy-backend","timestamp":"2026-07-16 12:23:00"}
{"level":"warn","message":"CORS blocked request from origin: http://localhost:3000","service":"heedy-backend","timestamp":"2026-07-16 12:23:00"}
{"level":"info","message":"::1 - - [16/Jul/2026:06:53:22 +0000] \"GET / HTTP/1.1\" 404 63 \"-\" \"Mozilla/5.0 (Windows NT 10.0; Win64; x64) AppleWebKit/537.36 (KHTML, like Gecko) Chrome/150.0.0.0 Safari/537.36\"","service":"heedy-backend","timestamp":"2026-07-16 12:23:22"}
{"level":"info","message":"::1 - - [16/Jul/2026:06:53:23 +0000] \"GET /favicon.ico HTTP/1.1\" 404 74 \"-\" \"Mozilla/5.0 (Windows NT 10.0; Win64; x64) AppleWebKit/537.36 (KHTML, like Gecko) Chrome/150.0.0.0 Safari/537.36\"","service":"heedy-backend","timestamp":"2026-07-16 12:23:23"}
{"level":"info","message":"::1 - - [16/Jul/2026:06:53:29 +0000] \"GET /api/banners HTTP/1.1\" 404 74 \"-\" \"Mozilla/5.0 (Windows NT 10.0; Win64; x64) AppleWebKit/537.36 (KHTML, like Gecko) Chrome/150.0.0.0 Safari/537.36\"","service":"heedy-backend","timestamp":"2026-07-16 12:23:29"}
{"level":"info","message":"::1 - - [16/Jul/2026:06:53:34 +0000] \"GET /api/products HTTP/1.1\" 404 75 \"-\" \"Mozilla/5.0 (Windows NT 10.0; Win64; x64) AppleWebKit/537.36 (KHTML, like Gecko) Chrome/150.0.0.0 Safari/537.36\"","service":"heedy-backend","timestamp":"2026-07-16 12:23:34"}
{"level":"info","message":"::1 - - [16/Jul/2026:06:53:42 +0000] \"GET /products HTTP/1.1\" 404 71 \"-\" \"Mozilla/5.0 (Windows NT 10.0; Win64; x64) AppleWebKit/537.36 (KHTML, like Gecko) Chrome/150.0.0.0 Safari/537.36\"","service":"heedy-backend","timestamp":"2026-07-16 12:23:42"}
{"level":"warn","message":"CORS blocked request from origin: http://localhost:3000","service":"heedy-backend","timestamp":"2026-07-16 12:23:47"}
{"level":"warn","message":"CORS blocked request from origin: http://localhost:3000","service":"heedy-backend","timestamp":"2026-07-16 12:23:47"}
{"level":"warn","message":"CORS blocked request from origin: http://localhost:3000","service":"heedy-backend","timestamp":"2026-07-16 12:23:47"}
{"level":"warn","message":"CORS blocked request from origin: http://localhost:3000","service":"heedy-backend","timestamp":"2026-07-16 12:23:47"}
{"level":"warn","message":"CORS blocked request from origin: http://localhost:3000","service":"heedy-backend","timestamp":"2026-07-16 12:23:47"}
{"level":"info","message":"::1 - - [16/Jul/2026:06:54:06 +0000] \"GET /api/categories HTTP/1.1\" 404 77 \"-\" \"Mozilla/5.0 (Windows NT 10.0; Win64; x64) AppleWebKit/537.36 (KHTML, like Gecko) Chrome/150.0.0.0 Safari/537.36\"","service":"heedy-backend","timestamp":"2026-07-16 12:24:06"}
{"level":"info","message":"::1 - - [16/Jul/2026:06:54:13 +0000] \"GET /api/v1/banners HTTP/1.1\" 200 674 \"-\" \"Mozilla/5.0 (Windows NT 10.0; Win64; x64) AppleWebKit/537.36 (KHTML, like Gecko) Chrome/150.0.0.0 Safari/537.36\"","service":"heedy-backend","timestamp":"2026-07-16 12:24:13"}
{"level":"warn","message":"CORS blocked request from origin: http://localhost:3000","service":"heedy-backend","timestamp":"2026-07-16 12:24:27"}
{"level":"warn","message":"CORS blocked request from origin: http://localhost:3000","service":"heedy-backend","timestamp":"2026-07-16 12:24:27"}
{"level":"warn","message":"CORS blocked request from origin: http://localhost:3000","service":"heedy-backend","timestamp":"2026-07-16 12:24:27"}
{"level":"warn","message":"CORS blocked request from origin: http://localhost:3000","service":"heedy-backend","timestamp":"2026-07-16 12:24:27"}
{"level":"warn","message":"CORS blocked request from origin: http://localhost:3000","service":"heedy-backend","timestamp":"2026-07-16 12:24:27"}
{"level":"warn","message":"CORS blocked request from origin: http://localhost:3000","service":"heedy-backend","timestamp":"2026-07-16 12:26:17"}
{"level":"warn","message":"CORS blocked request from origin: http://localhost:3000","service":"heedy-backend","timestamp":"2026-07-16 12:26:17"}
{"level":"warn","message":"CORS blocked request from origin: http://localhost:3000","service":"heedy-backend","timestamp":"2026-07-16 12:26:17"}
{"level":"warn","message":"CORS blocked request from origin: http://localhost:3000","service":"heedy-backend","timestamp":"2026-07-16 12:26:17"}
{"level":"warn","message":"CORS blocked request from origin: http://localhost:3000","service":"heedy-backend","timestamp":"2026-07-16 12:26:17"}
{"level":"info","message":"::1 - - [21/Jul/2026:11:30:11 +0000] \"POST /api/v1/payments/create-order HTTP/1.1\" 200 328 \"-\" \"axios/1.15.2\"","service":"heedy-backend","timestamp":"2026-07-21 17:00:11"}
{"level":"warn","message":"CORS blocked request from origin: http://localhost:3000","service":"heedy-backend","timestamp":"2026-07-21 17:27:44"}
{"level":"warn","message":"CORS blocked request from origin: http://localhost:3000","service":"heedy-backend","timestamp":"2026-07-21 17:27:44"}
{"level":"warn","message":"CORS blocked request from origin: http://localhost:3000","service":"heedy-backend","timestamp":"2026-07-21 17:27:44"}
{"level":"warn","message":"CORS blocked request from origin: http://localhost:3000","service":"heedy-backend","timestamp":"2026-07-21 17:27:44"}
{"level":"warn","message":"CORS blocked request from origin: http://localhost:3000","service":"heedy-backend","timestamp":"2026-07-21 17:27:44"}
{"level":"warn","message":"CORS blocked request from origin: http://localhost:3000","service":"heedy-backend","timestamp":"2026-07-21 17:27:44"}
{"level":"warn","message":"CORS blocked request from origin: http://localhost:3000","service":"heedy-backend","timestamp":"2026-07-21 17:27:44"}
{"level":"warn","message":"CORS blocked request from origin: http://localhost:3000","service":"heedy-backend","timestamp":"2026-07-21 17:27:54"}
{"level":"warn","message":"CORS blocked request from origin: http://localhost:3000","service":"heedy-backend","timestamp":"2026-07-21 17:27:54"}
{"level":"warn","message":"CORS blocked request from origin: http://localhost:3000","service":"heedy-backend","timestamp":"2026-07-21 17:27:54"}
{"level":"warn","message":"CORS blocked request from origin: http://localhost:3000","service":"heedy-backend","timestamp":"2026-07-21 17:27:54"}
{"level":"info","message":"::1 - - [21/Jul/2026:11:58:21 +0000] \"GET / HTTP/1.1\" 404 63 \"-\" \"Mozilla/5.0 (Windows NT 10.0; Win64; x64) AppleWebKit/537.36 (KHTML, like Gecko) Chrome/150.0.0.0 Safari/537.36\"","service":"heedy-backend","timestamp":"2026-07-21 17:28:21"}
{"level":"info","message":"::1 - - [21/Jul/2026:11:58:22 +0000] \"GET /favicon.ico HTTP/1.1\" 404 74 \"-\" \"Mozilla/5.0 (Windows NT 10.0; Win64; x64) AppleWebKit/537.36 (KHTML, like Gecko) Chrome/150.0.0.0 Safari/537.36\"","service":"heedy-backend","timestamp":"2026-07-21 17:28:22"}
{"level":"warn","message":"CORS blocked request from origin: http://localhost:3000","service":"heedy-backend","timestamp":"2026-07-21 17:28:31"}
{"level":"warn","message":"CORS blocked request from origin: http://localhost:3000","service":"heedy-backend","timestamp":"2026-07-21 17:28:31"}
{"level":"warn","message":"CORS blocked request from origin: http://localhost:3000","service":"heedy-backend","timestamp":"2026-07-21 17:28:31"}
{"level":"warn","message":"CORS blocked request from origin: http://localhost:3000","service":"heedy-backend","timestamp":"2026-07-21 17:28:43"}
{"level":"warn","message":"CORS blocked request from origin: http://localhost:3000","service":"heedy-backend","timestamp":"2026-07-21 17:28:50"}
{"level":"warn","message":"CORS blocked request from origin: http://localhost:3000","service":"heedy-backend","timestamp":"2026-07-21 17:29:11"}
{"level":"info","message":"::1 - - [21/Jul/2026:11:59:27 +0000] \"GET /api/products HTTP/1.1\" 404 75 \"-\" \"Mozilla/5.0 (Windows NT 10.0; Win64; x64) AppleWebKit/537.36 (KHTML, like Gecko) Chrome/150.0.0.0 Safari/537.36\"","service":"heedy-backend","timestamp":"2026-07-21 17:29:27"}
{"level":"info","message":"::1 - - [21/Jul/2026:11:59:32 +0000] \"GET /products HTTP/1.1\" 404 71 \"-\" \"Mozilla/5.0 (Windows NT 10.0; Win64; x64) AppleWebKit/537.36 (KHTML, like Gecko) Chrome/150.0.0.0 Safari/537.36\"","service":"heedy-backend","timestamp":"2026-07-21 17:29:32"}
{"level":"info","message":"::1 - - [21/Jul/2026:11:59:39 +0000] \"GET /api/v1/products HTTP/1.1\" 200 4249 \"-\" \"Mozilla/5.0 (Windows NT 10.0; Win64; x64) AppleWebKit/537.36 (KHTML, like Gecko) Chrome/150.0.0.0 Safari/537.36\"","service":"heedy-backend","timestamp":"2026-07-21 17:29:39"}
{"level":"warn","message":"CORS blocked request from origin: http://localhost:3000","service":"heedy-backend","timestamp":"2026-07-21 17:29:50"}
{"level":"warn","message":"CORS blocked request from origin: http://localhost:3000","service":"heedy-backend","timestamp":"2026-07-21 17:32:00"}
{"level":"warn","message":"CORS blocked request from origin: http://localhost:3000","service":"heedy-backend","timestamp":"2026-07-21 17:32:00"}
{"level":"warn","message":"CORS blocked request from origin: http://localhost:3000","service":"heedy-backend","timestamp":"2026-07-21 17:32:00"}
{"level":"warn","message":"CORS blocked request from origin: http://localhost:3000","service":"heedy-backend","timestamp":"2026-07-22 13:34:07"}
{"level":"warn","message":"CORS blocked request from origin: http://localhost:3000","service":"heedy-backend","timestamp":"2026-07-22 13:34:07"}
{"level":"warn","message":"CORS blocked request from origin: http://localhost:3000","service":"heedy-backend","timestamp":"2026-07-22 13:34:07"}
{"level":"warn","message":"CORS blocked request from origin: http://localhost:3000","service":"heedy-backend","timestamp":"2026-07-22 13:34:07"}
{"level":"warn","message":"CORS blocked request from origin: http://localhost:3000","service":"heedy-backend","timestamp":"2026-07-22 13:34:07"}
{"level":"warn","message":"CORS blocked request from origin: http://localhost:3000","service":"heedy-backend","timestamp":"2026-07-22 13:34:07"}
{"level":"warn","message":"CORS blocked request from origin: http://localhost:3000","service":"heedy-backend","timestamp":"2026-07-22 13:34:07"}
{"level":"warn","message":"CORS blocked request from origin: http://localhost:3000","service":"heedy-backend","timestamp":"2026-07-22 15:29:39"}
{"level":"warn","message":"CORS blocked request from origin: http://localhost:3000","service":"heedy-backend","timestamp":"2026-07-22 15:29:39"}
{"level":"warn","message":"CORS blocked request from origin: http://localhost:3000","service":"heedy-backend","timestamp":"2026-07-22 15:29:39"}
{"level":"warn","message":"CORS blocked request from origin: http://localhost:3000","service":"heedy-backend","timestamp":"2026-07-22 15:29:39"}
{"level":"warn","message":"CORS blocked request from origin: http://localhost:3000","service":"heedy-backend","timestamp":"2026-07-22 15:29:39"}
{"level":"warn","message":"CORS blocked request from origin: http://localhost:3000","service":"heedy-backend","timestamp":"2026-07-22 15:29:39"}
{"level":"warn","message":"CORS blocked request from origin: http://localhost:3000","service":"heedy-backend","timestamp":"2026-07-22 15:29:39"}
{"level":"warn","message":"CORS blocked request from origin: http://localhost:3000","service":"heedy-backend","timestamp":"2026-07-22 15:29:39"}
{"level":"warn","message":"CORS blocked request from origin: http://localhost:3000","service":"heedy-backend","timestamp":"2026-07-22 15:29:39"}
{"level":"warn","message":"CORS blocked request from origin: http://localhost:3000","service":"heedy-backend","timestamp":"2026-07-22 15:29:39"}
{"level":"warn","message":"CORS blocked request from origin: http://localhost:3000","service":"heedy-backend","timestamp":"2026-07-22 15:55:34"}
{"level":"warn","message":"CORS blocked request from origin: http://localhost:3000","service":"heedy-backend","timestamp":"2026-07-22 15:55:34"}
{"level":"warn","message":"CORS blocked request from origin: http://localhost:3000","service":"heedy-backend","timestamp":"2026-07-22 15:55:34"}
{"level":"warn","message":"CORS blocked request from origin: http://localhost:3000","service":"heedy-backend","timestamp":"2026-07-22 15:55:34"}
{"level":"warn","message":"CORS blocked request from origin: http://localhost:3000","service":"heedy-backend","timestamp":"2026-07-22 15:55:34"}
{"level":"warn","message":"CORS blocked request from origin: http://localhost:3000","service":"heedy-backend","timestamp":"2026-07-22 15:55:34"}
{"level":"warn","message":"CORS blocked request from origin: http://localhost:3000","service":"heedy-backend","timestamp":"2026-07-22 15:55:34"}
{"level":"warn","message":"CORS blocked request from origin: http://localhost:3000","service":"heedy-backend","timestamp":"2026-07-22 15:55:34"}
{"level":"warn","message":"CORS blocked request from origin: http://localhost:3000","service":"heedy-backend","timestamp":"2026-07-22 15:55:34"}
{"level":"warn","message":"CORS blocked request from origin: http://localhost:3000","service":"heedy-backend","timestamp":"2026-07-22 15:55:34"}
{"level":"warn","message":"CORS blocked request from origin: http://localhost:3000","service":"heedy-backend","timestamp":"2026-07-22 16:13:13"}
{"level":"warn","message":"CORS blocked request from origin: http://localhost:3000","service":"heedy-backend","timestamp":"2026-07-22 16:13:13"}
{"level":"warn","message":"CORS blocked request from origin: http://localhost:3000","service":"heedy-backend","timestamp":"2026-07-22 16:13:13"}
{"level":"warn","message":"CORS blocked request from origin: http://localhost:3000","service":"heedy-backend","timestamp":"2026-07-22 16:13:13"}
{"level":"warn","message":"CORS blocked request from origin: http://localhost:3000","service":"heedy-backend","timestamp":"2026-07-22 16:13:13"}
{"level":"warn","message":"CORS blocked request from origin: http://localhost:3000","service":"heedy-backend","timestamp":"2026-07-22 16:13:13"}
{"level":"warn","message":"CORS blocked request from origin: http://localhost:3000","service":"heedy-backend","timestamp":"2026-07-22 16:13:13"}
{"level":"warn","message":"CORS blocked request from origin: http://localhost:3000","service":"heedy-backend","timestamp":"2026-07-22 16:13:13"}
{"level":"warn","message":"CORS blocked request from origin: http://localhost:3000","service":"heedy-backend","timestamp":"2026-07-22 16:13:13"}
{"level":"warn","message":"CORS blocked request from origin: http://localhost:3000","service":"heedy-backend","timestamp":"2026-07-22 16:13:13"}
{"level":"warn","message":"CORS blocked request from origin: http://localhost:3000","service":"heedy-backend","timestamp":"2026-07-22 16:13:45"}
{"level":"warn","message":"CORS blocked request from origin: http://localhost:3000","service":"heedy-backend","timestamp":"2026-07-22 16:13:45"}
{"level":"warn","message":"CORS blocked request from origin: http://localhost:3000","service":"heedy-backend","timestamp":"2026-07-22 16:13:45"}
{"level":"warn","message":"CORS blocked request from origin: http://localhost:3000","service":"heedy-backend","timestamp":"2026-07-22 16:13:45"}
{"level":"warn","message":"CORS blocked request from origin: http://localhost:3000","service":"heedy-backend","timestamp":"2026-07-22 16:13:45"}
{"level":"warn","message":"CORS blocked request from origin: http://localhost:3000","service":"heedy-backend","timestamp":"2026-07-22 16:13:45"}
{"level":"warn","message":"CORS blocked request from origin: http://localhost:3000","service":"heedy-backend","timestamp":"2026-07-22 16:13:45"}
{"level":"warn","message":"CORS blocked request from origin: http://localhost:3000","service":"heedy-backend","timestamp":"2026-07-22 16:13:45"}
{"level":"warn","message":"CORS blocked request from origin: http://localhost:3000","service":"heedy-backend","timestamp":"2026-07-22 16:13:45"}
{"level":"warn","message":"CORS blocked request from origin: http://localhost:3000","service":"heedy-backend","timestamp":"2026-07-22 16:13:45"}
